This is pdfTeX, Version 3.141592653-2.6-1.40.26 (TeX Live 2024) (preloaded format=pdflatex)
 restricted \write18 enabled.
entering extended mode
! I can't find file `cv.tex'.
<*> cv.tex
          
(Press Enter to retry, or Control-Z to exit)
Please type another input file name
! Emergency stop.
<*> cv.tex
          
!  ==> Fatal error occurred, no output PDF file produced!
Transcript written on texput.log.
